2026-08-25 16:15:33.717 +03:30 [INF] Starting EconGrader.Web {}
2026-08-25 16:15:34.014 +03:30 [FTL] Fatal startup failure {}
Microsoft.Extensions.Hosting.HostAbortedException: The host was aborted.
   at Microsoft.Extensions.Hosting.HostFactoryResolver.HostingListener.ThrowHostAborted()
   at Microsoft.Extensions.Hosting.HostFactoryResolver.HostingListener.OnNext(KeyValuePair`2 value)
   at System.Diagnostics.DiagnosticListener.Write(String name, Object value)
   at Microsoft.Extensions.Hosting.HostBuilder.ResolveHost(IServiceProvider serviceProvider, DiagnosticListener diagnosticListener)
   at Microsoft.Extensions.Hosting.HostApplicationBuilder.Build()
   at Microsoft.AspNetCore.Builder.WebApplicationBuilder.Build()
   at Program.<Main>$(String[] args) in C:\Users\SHPA-N6\Desktop\econ_grader\src\EconGrader.Web\Program.cs:line 145
2026-08-25 16:17:11.954 +03:30 [INF] Starting EconGrader.Web {}
2026-08-25 16:17:12.136 +03:30 [FTL] Fatal startup failure {}
Microsoft.Extensions.Hosting.HostAbortedException: The host was aborted.
   at Microsoft.Extensions.Hosting.HostFactoryResolver.HostingListener.ThrowHostAborted()
   at Microsoft.Extensions.Hosting.HostFactoryResolver.HostingListener.OnNext(KeyValuePair`2 value)
   at System.Diagnostics.DiagnosticListener.Write(String name, Object value)
   at Microsoft.Extensions.Hosting.HostBuilder.ResolveHost(IServiceProvider serviceProvider, DiagnosticListener diagnosticListener)
   at Microsoft.Extensions.Hosting.HostApplicationBuilder.Build()
   at Microsoft.AspNetCore.Builder.WebApplicationBuilder.Build()
   at Program.<Main>$(String[] args) in C:\Users\SHPA-N6\Desktop\econ_grader\src\EconGrader.Web\Program.cs:line 145
2026-08-25 16:28:11.099 +03:30 [INF] Starting EconGrader.Web {}
2026-08-25 16:28:11.406 +03:30 [FTL] Fatal startup failure {}
Microsoft.Extensions.Hosting.HostAbortedException: The host was aborted.
   at Microsoft.Extensions.Hosting.HostFactoryResolver.HostingListener.ThrowHostAborted()
   at Microsoft.Extensions.Hosting.HostFactoryResolver.HostingListener.OnNext(KeyValuePair`2 value)
   at System.Diagnostics.DiagnosticListener.Write(String name, Object value)
   at Microsoft.Extensions.Hosting.HostBuilder.ResolveHost(IServiceProvider serviceProvider, DiagnosticListener diagnosticListener)
   at Microsoft.Extensions.Hosting.HostApplicationBuilder.Build()
   at Microsoft.AspNetCore.Builder.WebApplicationBuilder.Build()
   at Program.<Main>$(String[] args) in C:\Users\SHPA-N6\Desktop\econ_grader\src\EconGrader.Web\Program.cs:line 145
2026-08-25 16:30:16.487 +03:30 [INF] Starting EconGrader.Web {}
2026-08-25 16:30:16.668 +03:30 [FTL] Fatal startup failure {}
Microsoft.Extensions.Hosting.HostAbortedException: The host was aborted.
   at Microsoft.Extensions.Hosting.HostFactoryResolver.HostingListener.ThrowHostAborted()
   at Microsoft.Extensions.Hosting.HostFactoryResolver.HostingListener.OnNext(KeyValuePair`2 value)
   at System.Diagnostics.DiagnosticListener.Write(String name, Object value)
   at Microsoft.Extensions.Hosting.HostBuilder.ResolveHost(IServiceProvider serviceProvider, DiagnosticListener diagnosticListener)
   at Microsoft.Extensions.Hosting.HostApplicationBuilder.Build()
   at Microsoft.AspNetCore.Builder.WebApplicationBuilder.Build()
   at Program.<Main>$(String[] args) in C:\Users\SHPA-N6\Desktop\econ_grader\src\EconGrader.Web\Program.cs:line 145
2026-08-25 16:32:52.883 +03:30 [INF] Starting EconGrader.Web {}
2026-08-25 16:32:53.120 +03:30 [FTL] Fatal startup failure {}
Microsoft.Extensions.Hosting.HostAbortedException: The host was aborted.
   at Microsoft.Extensions.Hosting.HostFactoryResolver.HostingListener.ThrowHostAborted()
   at Microsoft.Extensions.Hosting.HostFactoryResolver.HostingListener.OnNext(KeyValuePair`2 value)
   at System.Diagnostics.DiagnosticListener.Write(String name, Object value)
   at Microsoft.Extensions.Hosting.HostBuilder.ResolveHost(IServiceProvider serviceProvider, DiagnosticListener diagnosticListener)
   at Microsoft.Extensions.Hosting.HostApplicationBuilder.Build()
   at Microsoft.AspNetCore.Builder.WebApplicationBuilder.Build()
   at Program.<Main>$(String[] args) in C:\Users\SHPA-N6\Desktop\econ_grader\src\EconGrader.Web\Program.cs:line 145
2026-08-25 16:44:16.067 +03:30 [INF] Starting EconGrader.Web {}
2026-08-25 16:44:16.392 +03:30 [FTL] Fatal startup failure {}
Microsoft.Extensions.Hosting.HostAbortedException: The host was aborted.
   at Microsoft.Extensions.Hosting.HostFactoryResolver.HostingListener.ThrowHostAborted()
   at Microsoft.Extensions.Hosting.HostFactoryResolver.HostingListener.OnNext(KeyValuePair`2 value)
   at System.Diagnostics.DiagnosticListener.Write(String name, Object value)
   at Microsoft.Extensions.Hosting.HostBuilder.ResolveHost(IServiceProvider serviceProvider, DiagnosticListener diagnosticListener)
   at Microsoft.Extensions.Hosting.HostApplicationBuilder.Build()
   at Microsoft.AspNetCore.Builder.WebApplicationBuilder.Build()
   at Program.<Main>$(String[] args) in C:\Users\SHPA-N6\Desktop\econ_grader\src\EconGrader.Web\Program.cs:line 145
2026-08-25 16:53:18.313 +03:30 [INF] Starting EconGrader.Web {}
2026-08-25 16:53:20.356 +03:30 [WRN] No store type was specified for the decimal property 'Teacher2Score' on entity type 'Answer'. This will cause values to be silently truncated if they do not fit in the default precision and scale. Explicitly specify the SQL server column type that can accommodate all the values in 'OnModelCreating' using 'HasColumnType', specify precision and scale using 'HasPrecision', or configure a value converter using 'HasConversion'. {"EventId":{"Id":30000,"Name":"Microsoft.EntityFrameworkCore.Model.Validation.DecimalTypeDefaultWarning"},"SourceContext":"Microsoft.EntityFrameworkCore.Model.Validation"}
2026-08-25 16:53:20.361 +03:30 [WRN] No store type was specified for the decimal property 'TeacherScore' on entity type 'Answer'. This will cause values to be silently truncated if they do not fit in the default precision and scale. Explicitly specify the SQL server column type that can accommodate all the values in 'OnModelCreating' using 'HasColumnType', specify precision and scale using 'HasPrecision', or configure a value converter using 'HasConversion'. {"EventId":{"Id":30000,"Name":"Microsoft.EntityFrameworkCore.Model.Validation.DecimalTypeDefaultWarning"},"SourceContext":"Microsoft.EntityFrameworkCore.Model.Validation"}
2026-08-25 16:53:20.361 +03:30 [WRN] No store type was specified for the decimal property 'AiScore' on entity type 'GradingRun'. This will cause values to be silently truncated if they do not fit in the default precision and scale. Explicitly specify the SQL server column type that can accommodate all the values in 'OnModelCreating' using 'HasColumnType', specify precision and scale using 'HasPrecision', or configure a value converter using 'HasConversion'. {"EventId":{"Id":30000,"Name":"Microsoft.EntityFrameworkCore.Model.Validation.DecimalTypeDefaultWarning"},"SourceContext":"Microsoft.EntityFrameworkCore.Model.Validation"}
2026-08-25 16:53:20.361 +03:30 [WRN] No store type was specified for the decimal property 'EstimatedCost' on entity type 'GradingRun'. This will cause values to be silently truncated if they do not fit in the default precision and scale. Explicitly specify the SQL server column type that can accommodate all the values in 'OnModelCreating' using 'HasColumnType', specify precision and scale using 'HasPrecision', or configure a value converter using 'HasConversion'. {"EventId":{"Id":30000,"Name":"Microsoft.EntityFrameworkCore.Model.Validation.DecimalTypeDefaultWarning"},"SourceContext":"Microsoft.EntityFrameworkCore.Model.Validation"}
2026-08-25 16:53:20.361 +03:30 [WRN] No store type was specified for the decimal property 'TeacherScoreSnapshot' on entity type 'GradingRun'. This will cause values to be silently truncated if they do not fit in the default precision and scale. Explicitly specify the SQL server column type that can accommodate all the values in 'OnModelCreating' using 'HasColumnType', specify precision and scale using 'HasPrecision', or configure a value converter using 'HasConversion'. {"EventId":{"Id":30000,"Name":"Microsoft.EntityFrameworkCore.Model.Validation.DecimalTypeDefaultWarning"},"SourceContext":"Microsoft.EntityFrameworkCore.Model.Validation"}
2026-08-25 16:53:20.361 +03:30 [WRN] No store type was specified for the decimal property 'Temperature' on entity type 'GradingRun'. This will cause values to be silently truncated if they do not fit in the default precision and scale. Explicitly specify the SQL server column type that can accommodate all the values in 'OnModelCreating' using 'HasColumnType', specify precision and scale using 'HasPrecision', or configure a value converter using 'HasConversion'. {"EventId":{"Id":30000,"Name":"Microsoft.EntityFrameworkCore.Model.Validation.DecimalTypeDefaultWarning"},"SourceContext":"Microsoft.EntityFrameworkCore.Model.Validation"}
2026-08-25 16:53:20.361 +03:30 [WRN] No store type was specified for the decimal property 'InputPricePerMillionTokens' on entity type 'ModelConfig'. This will cause values to be silently truncated if they do not fit in the default precision and scale. Explicitly specify the SQL server column type that can accommodate all the values in 'OnModelCreating' using 'HasColumnType', specify precision and scale using 'HasPrecision', or configure a value converter using 'HasConversion'. {"EventId":{"Id":30000,"Name":"Microsoft.EntityFrameworkCore.Model.Validation.DecimalTypeDefaultWarning"},"SourceContext":"Microsoft.EntityFrameworkCore.Model.Validation"}
2026-08-25 16:53:20.362 +03:30 [WRN] No store type was specified for the decimal property 'OutputPricePerMillionTokens' on entity type 'ModelConfig'. This will cause values to be silently truncated if they do not fit in the default precision and scale. Explicitly specify the SQL server column type that can accommodate all the values in 'OnModelCreating' using 'HasColumnType', specify precision and scale using 'HasPrecision', or configure a value converter using 'HasConversion'. {"EventId":{"Id":30000,"Name":"Microsoft.EntityFrameworkCore.Model.Validation.DecimalTypeDefaultWarning"},"SourceContext":"Microsoft.EntityFrameworkCore.Model.Validation"}
2026-08-25 16:53:20.362 +03:30 [WRN] No store type was specified for the decimal property 'MaxScore' on entity type 'Question'. This will cause values to be silently truncated if they do not fit in the default precision and scale. Explicitly specify the SQL server column type that can accommodate all the values in 'OnModelCreating' using 'HasColumnType', specify precision and scale using 'HasPrecision', or configure a value converter using 'HasConversion'. {"EventId":{"Id":30000,"Name":"Microsoft.EntityFrameworkCore.Model.Validation.DecimalTypeDefaultWarning"},"SourceContext":"Microsoft.EntityFrameworkCore.Model.Validation"}
2026-08-25 16:53:20.362 +03:30 [WRN] No store type was specified for the decimal property 'MaxScore' on entity type 'RubricCriterion'. This will cause values to be silently truncated if they do not fit in the default precision and scale. Explicitly specify the SQL server column type that can accommodate all the values in 'OnModelCreating' using 'HasColumnType', specify precision and scale using 'HasPrecision', or configure a value converter using 'HasConversion'. {"EventId":{"Id":30000,"Name":"Microsoft.EntityFrameworkCore.Model.Validation.DecimalTypeDefaultWarning"},"SourceContext":"Microsoft.EntityFrameworkCore.Model.Validation"}
2026-08-25 16:53:20.362 +03:30 [WRN] No store type was specified for the decimal property 'NewScore' on entity type 'TeacherReview'. This will cause values to be silently truncated if they do not fit in the default precision and scale. Explicitly specify the SQL server column type that can accommodate all the values in 'OnModelCreating' using 'HasColumnType', specify precision and scale using 'HasPrecision', or configure a value converter using 'HasConversion'. {"EventId":{"Id":30000,"Name":"Microsoft.EntityFrameworkCore.Model.Validation.DecimalTypeDefaultWarning"},"SourceContext":"Microsoft.EntityFrameworkCore.Model.Validation"}
2026-08-25 16:53:20.362 +03:30 [WRN] No store type was specified for the decimal property 'OldAiScore' on entity type 'TeacherReview'. This will cause values to be silently truncated if they do not fit in the default precision and scale. Explicitly specify the SQL server column type that can accommodate all the values in 'OnModelCreating' using 'HasColumnType', specify precision and scale using 'HasPrecision', or configure a value converter using 'HasConversion'. {"EventId":{"Id":30000,"Name":"Microsoft.EntityFrameworkCore.Model.Validation.DecimalTypeDefaultWarning"},"SourceContext":"Microsoft.EntityFrameworkCore.Model.Validation"}
2026-08-25 16:53:21.499 +03:30 [INF] Database migrated successfully {}
2026-08-25 16:58:40.668 +03:30 [WRN] Failed to determine the https port for redirect. {"EventId":{"Id":3,"Name":"FailedToDeterminePort"},"SourceContext":"Microsoft.AspNetCore.HttpsPolicy.HttpsRedirectionMiddleware","RequestId":"0HNO2LJ3DUJB8:00000001","RequestPath":"/api/health","ConnectionId":"0HNO2LJ3DUJB8"}
2026-08-25 16:58:41.833 +03:30 [INF] HTTP GET /api/health responded 200 in 1173.3756 ms {"SourceContext":"Serilog.AspNetCore.RequestLoggingMiddleware","RequestId":"0HNO2LJ3DUJB8:00000001","ConnectionId":"0HNO2LJ3DUJB8"}
2026-08-25 16:58:42.227 +03:30 [INF] HTTP GET /api/exams responded 401 in 17.5484 ms {"SourceContext":"Serilog.AspNetCore.RequestLoggingMiddleware","RequestId":"0HNO2LJ3DUJB9:00000001","ConnectionId":"0HNO2LJ3DUJB9"}
2026-08-25 16:58:42.494 +03:30 [INF] HTTP GET /api/audit responded 401 in 7.1076 ms {"SourceContext":"Serilog.AspNetCore.RequestLoggingMiddleware","RequestId":"0HNO2LJ3DUJBA:00000001","ConnectionId":"0HNO2LJ3DUJBA"}
2026-08-25 16:59:11.621 +03:30 [INF] AUDIT AdminBootstrapped User "9dd07843-ede8-4138-ae87-4476655437ed" by "9dd07843-ede8-4138-ae87-4476655437ed" from 127.0.0.1 {"SourceContext":"EconGrader.Infrastructure.Services.AuditLogger","ActionId":"c193e5e3-044c-4830-a160-4a9f16fe2aaa","ActionName":"EconGrader.Web.Controllers.AuthController.BootstrapAdmin (EconGrader.Web)","RequestId":"0HNO2LJ3DUJBB:00000001","RequestPath":"/api/auth/bootstrap-admin","ConnectionId":"0HNO2LJ3DUJBB"}
2026-08-25 16:59:11.622 +03:30 [INF] First admin bootstrapped: "9dd07843-ede8-4138-ae87-4476655437ed" admin@test.local {"SourceContext":"EconGrader.Web.Controllers.AuthController","ActionId":"c193e5e3-044c-4830-a160-4a9f16fe2aaa","ActionName":"EconGrader.Web.Controllers.AuthController.BootstrapAdmin (EconGrader.Web)","RequestId":"0HNO2LJ3DUJBB:00000001","RequestPath":"/api/auth/bootstrap-admin","ConnectionId":"0HNO2LJ3DUJBB"}
2026-08-25 16:59:12.041 +03:30 [INF] Login succeeded for "9dd07843-ede8-4138-ae87-4476655437ed" ("Admin") {"SourceContext":"EconGrader.Application.Services.AuthService","ActionId":"c193e5e3-044c-4830-a160-4a9f16fe2aaa","ActionName":"EconGrader.Web.Controllers.AuthController.BootstrapAdmin (EconGrader.Web)","RequestId":"0HNO2LJ3DUJBB:00000001","RequestPath":"/api/auth/bootstrap-admin","ConnectionId":"0HNO2LJ3DUJBB"}
2026-08-25 16:59:12.058 +03:30 [INF] HTTP POST /api/auth/bootstrap-admin responded 200 in 2814.9635 ms {"SourceContext":"Serilog.AspNetCore.RequestLoggingMiddleware","RequestId":"0HNO2LJ3DUJBB:00000001","ConnectionId":"0HNO2LJ3DUJBB"}
2026-08-25 16:59:32.071 +03:30 [INF] Login succeeded for "9dd07843-ede8-4138-ae87-4476655437ed" ("Admin") {"SourceContext":"EconGrader.Application.Services.AuthService","ActionId":"1d464912-bea1-4bf2-966a-f5f779bad0be","ActionName":"EconGrader.Web.Controllers.AuthController.Login (EconGrader.Web)","RequestId":"0HNO2LJ3DUJBC:00000001","RequestPath":"/api/auth/login","ConnectionId":"0HNO2LJ3DUJBC"}
2026-08-25 16:59:32.109 +03:30 [INF] AUDIT AuthLogin User "9dd07843-ede8-4138-ae87-4476655437ed" by "9dd07843-ede8-4138-ae87-4476655437ed" from 127.0.0.1 {"SourceContext":"EconGrader.Infrastructure.Services.AuditLogger","ActionId":"1d464912-bea1-4bf2-966a-f5f779bad0be","ActionName":"EconGrader.Web.Controllers.AuthController.Login (EconGrader.Web)","RequestId":"0HNO2LJ3DUJBC:00000001","RequestPath":"/api/auth/login","ConnectionId":"0HNO2LJ3DUJBC"}
2026-08-25 16:59:32.112 +03:30 [INF] HTTP POST /api/auth/login responded 200 in 382.0079 ms {"SourceContext":"Serilog.AspNetCore.RequestLoggingMiddleware","RequestId":"0HNO2LJ3DUJBC:00000001","ConnectionId":"0HNO2LJ3DUJBC"}
2026-08-25 16:59:32.627 +03:30 [WRN] Failed login attempt for admin@test.local from 127.0.0.1 {"SourceContext":"EconGrader.Web.Controllers.AuthController","ActionId":"1d464912-bea1-4bf2-966a-f5f779bad0be","ActionName":"EconGrader.Web.Controllers.AuthController.Login (EconGrader.Web)","RequestId":"0HNO2LJ3DUJBD:00000001","RequestPath":"/api/auth/login","ConnectionId":"0HNO2LJ3DUJBD"}
2026-08-25 16:59:32.634 +03:30 [INF] HTTP POST /api/auth/login responded 401 in 127.3274 ms {"SourceContext":"Serilog.AspNetCore.RequestLoggingMiddleware","RequestId":"0HNO2LJ3DUJBD:00000001","ConnectionId":"0HNO2LJ3DUJBD"}
2026-08-25 16:59:32.774 +03:30 [WRN] Failed login attempt for ghost@nowhere.io from 127.0.0.1 {"SourceContext":"EconGrader.Web.Controllers.AuthController","ActionId":"1d464912-bea1-4bf2-966a-f5f779bad0be","ActionName":"EconGrader.Web.Controllers.AuthController.Login (EconGrader.Web)","RequestId":"0HNO2LJ3DUJBE:00000001","RequestPath":"/api/auth/login","ConnectionId":"0HNO2LJ3DUJBE"}
2026-08-25 16:59:32.775 +03:30 [INF] HTTP POST /api/auth/login responded 401 in 13.3793 ms {"SourceContext":"Serilog.AspNetCore.RequestLoggingMiddleware","RequestId":"0HNO2LJ3DUJBE:00000001","ConnectionId":"0HNO2LJ3DUJBE"}
2026-08-25 16:59:33.095 +03:30 [INF] HTTP POST /api/auth/bootstrap-admin responded 403 in 17.9194 ms {"SourceContext":"Serilog.AspNetCore.RequestLoggingMiddleware","RequestId":"0HNO2LJ3DUJBF:00000001","ConnectionId":"0HNO2LJ3DUJBF"}
2026-08-25 17:00:09.724 +03:30 [INF] AUDIT UserCreated User "7e1c2c7f-4382-400f-b175-360c0f2188bc" by "9dd07843-ede8-4138-ae87-4476655437ed" from null {"SourceContext":"EconGrader.Infrastructure.Services.AuditLogger","ActionId":"0a9d200a-cae1-418b-9672-608e192359e6","ActionName":"EconGrader.Web.Controllers.AuthController.CreateUser (EconGrader.Web)","RequestId":"0HNO2LJ3DUJBG:00000001","RequestPath":"/api/auth/users","ConnectionId":"0HNO2LJ3DUJBG"}
2026-08-25 17:00:09.758 +03:30 [INF] HTTP POST /api/auth/users responded 201 in 283.1921 ms {"SourceContext":"Serilog.AspNetCore.RequestLoggingMiddleware","RequestId":"0HNO2LJ3DUJBG:00000001","ConnectionId":"0HNO2LJ3DUJBG"}
2026-08-25 17:00:10.578 +03:30 [INF] AUDIT UserCreated User "f5637c94-384f-4256-8a7c-2ab0d6abd698" by "9dd07843-ede8-4138-ae87-4476655437ed" from null {"SourceContext":"EconGrader.Infrastructure.Services.AuditLogger","ActionId":"0a9d200a-cae1-418b-9672-608e192359e6","ActionName":"EconGrader.Web.Controllers.AuthController.CreateUser (EconGrader.Web)","RequestId":"0HNO2LJ3DUJBH:00000001","RequestPath":"/api/auth/users","ConnectionId":"0HNO2LJ3DUJBH"}
2026-08-25 17:00:10.579 +03:30 [INF] HTTP POST /api/auth/users responded 201 in 258.8609 ms {"SourceContext":"Serilog.AspNetCore.RequestLoggingMiddleware","RequestId":"0HNO2LJ3DUJBH:00000001","ConnectionId":"0HNO2LJ3DUJBH"}
2026-08-25 17:00:10.971 +03:30 [INF] AUDIT UserCreated User "e6e81009-7ebd-46c9-9468-d5e7e663b4da" by "9dd07843-ede8-4138-ae87-4476655437ed" from null {"SourceContext":"EconGrader.Infrastructure.Services.AuditLogger","ActionId":"0a9d200a-cae1-418b-9672-608e192359e6","ActionName":"EconGrader.Web.Controllers.AuthController.CreateUser (EconGrader.Web)","RequestId":"0HNO2LJ3DUJBI:00000001","RequestPath":"/api/auth/users","ConnectionId":"0HNO2LJ3DUJBI"}
2026-08-25 17:00:10.972 +03:30 [INF] HTTP POST /api/auth/users responded 201 in 108.4585 ms {"SourceContext":"Serilog.AspNetCore.RequestLoggingMiddleware","RequestId":"0HNO2LJ3DUJBI:00000001","ConnectionId":"0HNO2LJ3DUJBI"}
2026-08-25 17:00:11.396 +03:30 [INF] Login succeeded for "7e1c2c7f-4382-400f-b175-360c0f2188bc" ("Teacher") {"SourceContext":"EconGrader.Application.Services.AuthService","ActionId":"1d464912-bea1-4bf2-966a-f5f779bad0be","ActionName":"EconGrader.Web.Controllers.AuthController.Login (EconGrader.Web)","RequestId":"0HNO2LJ3DUJBJ:00000001","RequestPath":"/api/auth/login","ConnectionId":"0HNO2LJ3DUJBJ"}
2026-08-25 17:00:11.455 +03:30 [INF] AUDIT AuthLogin User "7e1c2c7f-4382-400f-b175-360c0f2188bc" by "7e1c2c7f-4382-400f-b175-360c0f2188bc" from 127.0.0.1 {"SourceContext":"EconGrader.Infrastructure.Services.AuditLogger","ActionId":"1d464912-bea1-4bf2-966a-f5f779bad0be","ActionName":"EconGrader.Web.Controllers.AuthController.Login (EconGrader.Web)","RequestId":"0HNO2LJ3DUJBJ:00000001","RequestPath":"/api/auth/login","ConnectionId":"0HNO2LJ3DUJBJ"}
2026-08-25 17:00:11.459 +03:30 [INF] HTTP POST /api/auth/login responded 200 in 215.4294 ms {"SourceContext":"Serilog.AspNetCore.RequestLoggingMiddleware","RequestId":"0HNO2LJ3DUJBJ:00000001","ConnectionId":"0HNO2LJ3DUJBJ"}
2026-08-25 17:00:11.980 +03:30 [INF] Login succeeded for "f5637c94-384f-4256-8a7c-2ab0d6abd698" ("Corrector") {"SourceContext":"EconGrader.Application.Services.AuthService","ActionId":"1d464912-bea1-4bf2-966a-f5f779bad0be","ActionName":"EconGrader.Web.Controllers.AuthController.Login (EconGrader.Web)","RequestId":"0HNO2LJ3DUJBK:00000001","RequestPath":"/api/auth/login","ConnectionId":"0HNO2LJ3DUJBK"}
2026-08-25 17:00:11.995 +03:30 [INF] AUDIT AuthLogin User "f5637c94-384f-4256-8a7c-2ab0d6abd698" by "f5637c94-384f-4256-8a7c-2ab0d6abd698" from 127.0.0.1 {"SourceContext":"EconGrader.Infrastructure.Services.AuditLogger","ActionId":"1d464912-bea1-4bf2-966a-f5f779bad0be","ActionName":"EconGrader.Web.Controllers.AuthController.Login (EconGrader.Web)","RequestId":"0HNO2LJ3DUJBK:00000001","RequestPath":"/api/auth/login","ConnectionId":"0HNO2LJ3DUJBK"}
2026-08-25 17:00:11.995 +03:30 [INF] HTTP POST /api/auth/login responded 200 in 102.8732 ms {"SourceContext":"Serilog.AspNetCore.RequestLoggingMiddleware","RequestId":"0HNO2LJ3DUJBK:00000001","ConnectionId":"0HNO2LJ3DUJBK"}
2026-08-25 17:00:12.338 +03:30 [INF] Login succeeded for "e6e81009-7ebd-46c9-9468-d5e7e663b4da" ("Student") {"SourceContext":"EconGrader.Application.Services.AuthService","ActionId":"1d464912-bea1-4bf2-966a-f5f779bad0be","ActionName":"EconGrader.Web.Controllers.AuthController.Login (EconGrader.Web)","RequestId":"0HNO2LJ3DUJBL:00000001","RequestPath":"/api/auth/login","ConnectionId":"0HNO2LJ3DUJBL"}
2026-08-25 17:00:12.346 +03:30 [INF] AUDIT AuthLogin User "e6e81009-7ebd-46c9-9468-d5e7e663b4da" by "e6e81009-7ebd-46c9-9468-d5e7e663b4da" from 127.0.0.1 {"SourceContext":"EconGrader.Infrastructure.Services.AuditLogger","ActionId":"1d464912-bea1-4bf2-966a-f5f779bad0be","ActionName":"EconGrader.Web.Controllers.AuthController.Login (EconGrader.Web)","RequestId":"0HNO2LJ3DUJBL:00000001","RequestPath":"/api/auth/login","ConnectionId":"0HNO2LJ3DUJBL"}
2026-08-25 17:00:12.346 +03:30 [INF] HTTP POST /api/auth/login responded 200 in 100.1085 ms {"SourceContext":"Serilog.AspNetCore.RequestLoggingMiddleware","RequestId":"0HNO2LJ3DUJBL:00000001","ConnectionId":"0HNO2LJ3DUJBL"}
2026-08-25 17:00:12.524 +03:30 [INF] HTTP POST /api/auth/users responded 403 in 1.7502 ms {"SourceContext":"Serilog.AspNetCore.RequestLoggingMiddleware","RequestId":"0HNO2LJ3DUJBM:00000001","ConnectionId":"0HNO2LJ3DUJBM"}
2026-08-25 17:00:12.605 +03:30 [INF] HTTP GET /api/audit responded 403 in 0.7074 ms {"SourceContext":"Serilog.AspNetCore.RequestLoggingMiddleware","RequestId":"0HNO2LJ3DUJBN:00000001","ConnectionId":"0HNO2LJ3DUJBN"}
2026-08-25 17:00:32.399 +03:30 [INF] HTTP POST /api/exams responded 400 in 44.2983 ms {"SourceContext":"Serilog.AspNetCore.RequestLoggingMiddleware","RequestId":"0HNO2LJ3DUJBO:00000001","ConnectionId":"0HNO2LJ3DUJBO"}
2026-08-25 17:00:33.074 +03:30 [INF] HTTP POST /api/exams//questions responded 404 in 0.3259 ms {"SourceContext":"Serilog.AspNetCore.RequestLoggingMiddleware","RequestId":"0HNO2LJ3DUJBP:00000001","ConnectionId":"0HNO2LJ3DUJBP"}
2026-08-25 17:00:33.577 +03:30 [INF] HTTP POST /api/students responded 403 in 0.4203 ms {"SourceContext":"Serilog.AspNetCore.RequestLoggingMiddleware","RequestId":"0HNO2LJ3DUJBQ:00000001","ConnectionId":"0HNO2LJ3DUJBQ"}
2026-08-25 17:00:33.981 +03:30 [INF] HTTP PUT /api/students//link-user responded 404 in 1.1592 ms {"SourceContext":"Serilog.AspNetCore.RequestLoggingMiddleware","RequestId":"0HNO2LJ3DUJBR:00000001","ConnectionId":"0HNO2LJ3DUJBR"}
2026-08-25 17:01:40.653 +03:30 [INF] AUDIT ExamCreated Exam "8252b872-a93e-47af-9119-76bed0da0689" by "7e1c2c7f-4382-400f-b175-360c0f2188bc" from null {"SourceContext":"EconGrader.Infrastructure.Services.AuditLogger","ActionId":"8f609bd9-aea4-4796-a546-125f3ea21689","ActionName":"EconGrader.Web.Controllers.ExamsController.Create (EconGrader.Web)","RequestId":"0HNO2LJ3DUJBS:00000001","RequestPath":"/api/exams","ConnectionId":"0HNO2LJ3DUJBS"}
2026-08-25 17:01:40.775 +03:30 [INF] HTTP POST /api/exams responded 201 in 198.2395 ms {"SourceContext":"Serilog.AspNetCore.RequestLoggingMiddleware","RequestId":"0HNO2LJ3DUJBS:00000001","ConnectionId":"0HNO2LJ3DUJBS"}
2026-08-25 17:02:16.759 +03:30 [INF] HTTP POST /api/exams/8252b872-a93e-47af-9119-76bed0da0689/questions responded 404 in 0.8962 ms {"SourceContext":"Serilog.AspNetCore.RequestLoggingMiddleware","RequestId":"0HNO2LJ3DUJBT:00000001","ConnectionId":"0HNO2LJ3DUJBT"}
2026-08-25 17:02:17.555 +03:30 [INF] HTTP POST /api/students responded 403 in 0.5340 ms {"SourceContext":"Serilog.AspNetCore.RequestLoggingMiddleware","RequestId":"0HNO2LJ3DUJBU:00000001","ConnectionId":"0HNO2LJ3DUJBU"}
2026-08-25 17:02:18.171 +03:30 [INF] HTTP PUT /api/students//link-user responded 404 in 0.4230 ms {"SourceContext":"Serilog.AspNetCore.RequestLoggingMiddleware","RequestId":"0HNO2LJ3DUJBV:00000001","ConnectionId":"0HNO2LJ3DUJBV"}
2026-08-25 17:02:18.220 +03:30 [INF] HTTP POST /api/exams/8252b872-a93e-47af-9119-76bed0da0689/correctors responded 404 in 0.0721 ms {"SourceContext":"Serilog.AspNetCore.RequestLoggingMiddleware","RequestId":"0HNO2LJ3DUJC0:00000001","ConnectionId":"0HNO2LJ3DUJC0"}
2026-08-25 17:03:18.730 +03:30 [INF] AUDIT QuestionCreated Question "fff5b9b3-3537-42bf-a8dd-5d9449e84fa9" by null from null {"SourceContext":"EconGrader.Infrastructure.Services.AuditLogger","ActionId":"8ed5bb60-dd8c-476f-9f52-489fed280c3b","ActionName":"EconGrader.Web.Controllers.QuestionsController.Create (EconGrader.Web)","RequestId":"0HNO2LJ3DUJC1:00000001","RequestPath":"/api/questions","ConnectionId":"0HNO2LJ3DUJC1"}
2026-08-25 17:03:18.739 +03:30 [INF] HTTP POST /api/questions responded 201 in 178.2474 ms {"SourceContext":"Serilog.AspNetCore.RequestLoggingMiddleware","RequestId":"0HNO2LJ3DUJC1:00000001","ConnectionId":"0HNO2LJ3DUJC1"}
2026-08-25 17:03:18.859 +03:30 [INF] HTTP POST /api/students responded 403 in 0.3447 ms {"SourceContext":"Serilog.AspNetCore.RequestLoggingMiddleware","RequestId":"0HNO2LJ3DUJC2:00000001","ConnectionId":"0HNO2LJ3DUJC2"}
2026-08-25 17:03:19.788 +03:30 [INF] HTTP PUT /api/students//link-user responded 404 in 0.3992 ms {"SourceContext":"Serilog.AspNetCore.RequestLoggingMiddleware","RequestId":"0HNO2LJ3DUJC3:00000001","ConnectionId":"0HNO2LJ3DUJC3"}
2026-08-25 17:03:34.412 +03:30 [INF] HTTP POST /api/students responded 403 in 0.5121 ms {"SourceContext":"Serilog.AspNetCore.RequestLoggingMiddleware","RequestId":"0HNO2LJ3DUJC4:00000001","ConnectionId":"0HNO2LJ3DUJC4"}
2026-08-25 17:03:34.505 +03:30 [INF] HTTP GET /api/students responded 200 in 34.2534 ms {"SourceContext":"Serilog.AspNetCore.RequestLoggingMiddleware","RequestId":"0HNO2LJ3DUJC5:00000001","ConnectionId":"0HNO2LJ3DUJC5"}
2026-08-25 17:04:07.697 +03:30 [INF] HTTP POST /api/students responded 201 in 69.6780 ms {"SourceContext":"Serilog.AspNetCore.RequestLoggingMiddleware","RequestId":"0HNO2LJ3DUJC6:00000001","ConnectionId":"0HNO2LJ3DUJC6"}
2026-08-25 17:04:08.055 +03:30 [INF] HTTP PUT /api/students/0d319112-0760-41e5-bfbf-3bddca991c49/link-user responded 200 in 144.5409 ms {"SourceContext":"Serilog.AspNetCore.RequestLoggingMiddleware","RequestId":"0HNO2LJ3DUJC7:00000001","ConnectionId":"0HNO2LJ3DUJC7"}
2026-08-25 17:04:27.440 +03:30 [WRN] Request rejected FORBIDDEN 403 GET /api/exams/8252b872-a93e-47af-9119-76bed0da0689 CorrelationId=0HNO2LJ3DUJC8:00000001 {"SourceContext":"EconGrader.Web.Middleware.ExceptionHandlingMiddleware","RequestId":"0HNO2LJ3DUJC8:00000001","RequestPath":"/api/exams/8252b872-a93e-47af-9119-76bed0da0689","ConnectionId":"0HNO2LJ3DUJC8"}
2026-08-25 17:04:27.442 +03:30 [INF] HTTP GET /api/exams/8252b872-a93e-47af-9119-76bed0da0689 responded 403 in 54.2244 ms {"SourceContext":"Serilog.AspNetCore.RequestLoggingMiddleware","RequestId":"0HNO2LJ3DUJC8:00000001","ConnectionId":"0HNO2LJ3DUJC8"}
2026-08-25 17:04:27.624 +03:30 [WRN] Request rejected FORBIDDEN 403 GET /api/exams/8252b872-a93e-47af-9119-76bed0da0689 CorrelationId=0HNO2LJ3DUJC9:00000001 {"SourceContext":"EconGrader.Web.Middleware.ExceptionHandlingMiddleware","RequestId":"0HNO2LJ3DUJC9:00000001","RequestPath":"/api/exams/8252b872-a93e-47af-9119-76bed0da0689","ConnectionId":"0HNO2LJ3DUJC9"}
2026-08-25 17:04:27.624 +03:30 [INF] HTTP GET /api/exams/8252b872-a93e-47af-9119-76bed0da0689 responded 403 in 103.4561 ms {"SourceContext":"Serilog.AspNetCore.RequestLoggingMiddleware","RequestId":"0HNO2LJ3DUJC9:00000001","ConnectionId":"0HNO2LJ3DUJC9"}
2026-08-25 17:04:27.691 +03:30 [INF] HTTP GET /api/exams/8252b872-a93e-47af-9119-76bed0da0689 responded 200 in 4.5590 ms {"SourceContext":"Serilog.AspNetCore.RequestLoggingMiddleware","RequestId":"0HNO2LJ3DUJCA:00000001","ConnectionId":"0HNO2LJ3DUJCA"}
2026-08-25 17:04:27.857 +03:30 [INF] HTTP GET /api/exams responded 200 in 96.4524 ms {"SourceContext":"Serilog.AspNetCore.RequestLoggingMiddleware","RequestId":"0HNO2LJ3DUJCB:00000001","ConnectionId":"0HNO2LJ3DUJCB"}
2026-08-25 17:08:08.312 +03:30 [INF] Starting EconGrader.Web {}
2026-08-25 17:08:09.298 +03:30 [WRN] No store type was specified for the decimal property 'Teacher2Score' on entity type 'Answer'. This will cause values to be silently truncated if they do not fit in the default precision and scale. Explicitly specify the SQL server column type that can accommodate all the values in 'OnModelCreating' using 'HasColumnType', specify precision and scale using 'HasPrecision', or configure a value converter using 'HasConversion'. {"EventId":{"Id":30000,"Name":"Microsoft.EntityFrameworkCore.Model.Validation.DecimalTypeDefaultWarning"},"SourceContext":"Microsoft.EntityFrameworkCore.Model.Validation"}
2026-08-25 17:08:09.303 +03:30 [WRN] No store type was specified for the decimal property 'TeacherScore' on entity type 'Answer'. This will cause values to be silently truncated if they do not fit in the default precision and scale. Explicitly specify the SQL server column type that can accommodate all the values in 'OnModelCreating' using 'HasColumnType', specify precision and scale using 'HasPrecision', or configure a value converter using 'HasConversion'. {"EventId":{"Id":30000,"Name":"Microsoft.EntityFrameworkCore.Model.Validation.DecimalTypeDefaultWarning"},"SourceContext":"Microsoft.EntityFrameworkCore.Model.Validation"}
2026-08-25 17:08:09.303 +03:30 [WRN] No store type was specified for the decimal property 'AiScore' on entity type 'GradingRun'. This will cause values to be silently truncated if they do not fit in the default precision and scale. Explicitly specify the SQL server column type that can accommodate all the values in 'OnModelCreating' using 'HasColumnType', specify precision and scale using 'HasPrecision', or configure a value converter using 'HasConversion'. {"EventId":{"Id":30000,"Name":"Microsoft.EntityFrameworkCore.Model.Validation.DecimalTypeDefaultWarning"},"SourceContext":"Microsoft.EntityFrameworkCore.Model.Validation"}
2026-08-25 17:08:09.303 +03:30 [WRN] No store type was specified for the decimal property 'EstimatedCost' on entity type 'GradingRun'. This will cause values to be silently truncated if they do not fit in the default precision and scale. Explicitly specify the SQL server column type that can accommodate all the values in 'OnModelCreating' using 'HasColumnType', specify precision and scale using 'HasPrecision', or configure a value converter using 'HasConversion'. {"EventId":{"Id":30000,"Name":"Microsoft.EntityFrameworkCore.Model.Validation.DecimalTypeDefaultWarning"},"SourceContext":"Microsoft.EntityFrameworkCore.Model.Validation"}
2026-08-25 17:08:09.303 +03:30 [WRN] No store type was specified for the decimal property 'TeacherScoreSnapshot' on entity type 'GradingRun'. This will cause values to be silently truncated if they do not fit in the default precision and scale. Explicitly specify the SQL server column type that can accommodate all the values in 'OnModelCreating' using 'HasColumnType', specify precision and scale using 'HasPrecision', or configure a value converter using 'HasConversion'. {"EventId":{"Id":30000,"Name":"Microsoft.EntityFrameworkCore.Model.Validation.DecimalTypeDefaultWarning"},"SourceContext":"Microsoft.EntityFrameworkCore.Model.Validation"}
2026-08-25 17:08:09.303 +03:30 [WRN] No store type was specified for the decimal property 'Temperature' on entity type 'GradingRun'. This will cause values to be silently truncated if they do not fit in the default precision and scale. Explicitly specify the SQL server column type that can accommodate all the values in 'OnModelCreating' using 'HasColumnType', specify precision and scale using 'HasPrecision', or configure a value converter using 'HasConversion'. {"EventId":{"Id":30000,"Name":"Microsoft.EntityFrameworkCore.Model.Validation.DecimalTypeDefaultWarning"},"SourceContext":"Microsoft.EntityFrameworkCore.Model.Validation"}
2026-08-25 17:08:09.303 +03:30 [WRN] No store type was specified for the decimal property 'InputPricePerMillionTokens' on entity type 'ModelConfig'. This will cause values to be silently truncated if they do not fit in the default precision and scale. Explicitly specify the SQL server column type that can accommodate all the values in 'OnModelCreating' using 'HasColumnType', specify precision and scale using 'HasPrecision', or configure a value converter using 'HasConversion'. {"EventId":{"Id":30000,"Name":"Microsoft.EntityFrameworkCore.Model.Validation.DecimalTypeDefaultWarning"},"SourceContext":"Microsoft.EntityFrameworkCore.Model.Validation"}
2026-08-25 17:08:09.304 +03:30 [WRN] No store type was specified for the decimal property 'OutputPricePerMillionTokens' on entity type 'ModelConfig'. This will cause values to be silently truncated if they do not fit in the default precision and scale. Explicitly specify the SQL server column type that can accommodate all the values in 'OnModelCreating' using 'HasColumnType', specify precision and scale using 'HasPrecision', or configure a value converter using 'HasConversion'. {"EventId":{"Id":30000,"Name":"Microsoft.EntityFrameworkCore.Model.Validation.DecimalTypeDefaultWarning"},"SourceContext":"Microsoft.EntityFrameworkCore.Model.Validation"}
2026-08-25 17:08:09.304 +03:30 [WRN] No store type was specified for the decimal property 'MaxScore' on entity type 'Question'. This will cause values to be silently truncated if they do not fit in the default precision and scale. Explicitly specify the SQL server column type that can accommodate all the values in 'OnModelCreating' using 'HasColumnType', specify precision and scale using 'HasPrecision', or configure a value converter using 'HasConversion'. {"EventId":{"Id":30000,"Name":"Microsoft.EntityFrameworkCore.Model.Validation.DecimalTypeDefaultWarning"},"SourceContext":"Microsoft.EntityFrameworkCore.Model.Validation"}
2026-08-25 17:08:09.304 +03:30 [WRN] No store type was specified for the decimal property 'MaxScore' on entity type 'RubricCriterion'. This will cause values to be silently truncated if they do not fit in the default precision and scale. Explicitly specify the SQL server column type that can accommodate all the values in 'OnModelCreating' using 'HasColumnType', specify precision and scale using 'HasPrecision', or configure a value converter using 'HasConversion'. {"EventId":{"Id":30000,"Name":"Microsoft.EntityFrameworkCore.Model.Validation.DecimalTypeDefaultWarning"},"SourceContext":"Microsoft.EntityFrameworkCore.Model.Validation"}
2026-08-25 17:08:09.304 +03:30 [WRN] No store type was specified for the decimal property 'NewScore' on entity type 'TeacherReview'. This will cause values to be silently truncated if they do not fit in the default precision and scale. Explicitly specify the SQL server column type that can accommodate all the values in 'OnModelCreating' using 'HasColumnType', specify precision and scale using 'HasPrecision', or configure a value converter using 'HasConversion'. {"EventId":{"Id":30000,"Name":"Microsoft.EntityFrameworkCore.Model.Validation.DecimalTypeDefaultWarning"},"SourceContext":"Microsoft.EntityFrameworkCore.Model.Validation"}
2026-08-25 17:08:09.304 +03:30 [WRN] No store type was specified for the decimal property 'OldAiScore' on entity type 'TeacherReview'. This will cause values to be silently truncated if they do not fit in the default precision and scale. Explicitly specify the SQL server column type that can accommodate all the values in 'OnModelCreating' using 'HasColumnType', specify precision and scale using 'HasPrecision', or configure a value converter using 'HasConversion'. {"EventId":{"Id":30000,"Name":"Microsoft.EntityFrameworkCore.Model.Validation.DecimalTypeDefaultWarning"},"SourceContext":"Microsoft.EntityFrameworkCore.Model.Validation"}
2026-08-25 17:08:09.964 +03:30 [INF] Database migrated successfully {}
2026-08-25 17:08:16.476 +03:30 [WRN] Failed to determine the https port for redirect. {"EventId":{"Id":3,"Name":"FailedToDeterminePort"},"SourceContext":"Microsoft.AspNetCore.HttpsPolicy.HttpsRedirectionMiddleware","RequestId":"0HNO2LOF3DJH5:00000001","RequestPath":"/api/health","ConnectionId":"0HNO2LOF3DJH5"}
2026-08-25 17:08:16.669 +03:30 [INF] HTTP GET /api/health responded 200 in 194.4419 ms {"SourceContext":"Serilog.AspNetCore.RequestLoggingMiddleware","RequestId":"0HNO2LOF3DJH5:00000001","ConnectionId":"0HNO2LOF3DJH5"}
2026-08-25 17:08:37.577 +03:30 [INF] HTTP POST /api/exams/8252b872-a93e-47af-9119-76bed0da0689/correctors responded 204 in 964.1092 ms {"SourceContext":"Serilog.AspNetCore.RequestLoggingMiddleware","RequestId":"0HNO2LOF3DJH6:00000001","ConnectionId":"0HNO2LOF3DJH6"}
2026-08-25 17:08:37.843 +03:30 [INF] HTTP GET /api/exams/8252b872-a93e-47af-9119-76bed0da0689 responded 200 in 183.2508 ms {"SourceContext":"Serilog.AspNetCore.RequestLoggingMiddleware","RequestId":"0HNO2LOF3DJH7:00000001","ConnectionId":"0HNO2LOF3DJH7"}
2026-08-25 17:08:37.904 +03:30 [INF] HTTP PUT /api/exams/8252b872-a93e-47af-9119-76bed0da0689 responded 403 in 3.7130 ms {"SourceContext":"Serilog.AspNetCore.RequestLoggingMiddleware","RequestId":"0HNO2LOF3DJH8:00000001","ConnectionId":"0HNO2LOF3DJH8"}
2026-08-25 17:08:37.960 +03:30 [INF] HTTP POST /api/exams/8252b872-a93e-47af-9119-76bed0da0689/correctors responded 403 in 0.5197 ms {"SourceContext":"Serilog.AspNetCore.RequestLoggingMiddleware","RequestId":"0HNO2LOF3DJH9:00000001","ConnectionId":"0HNO2LOF3DJH9"}
2026-08-25 17:08:38.073 +03:30 [INF] HTTP GET /api/exams/8252b872-a93e-47af-9119-76bed0da0689/correctors responded 200 in 59.4374 ms {"SourceContext":"Serilog.AspNetCore.RequestLoggingMiddleware","RequestId":"0HNO2LOF3DJHA:00000001","ConnectionId":"0HNO2LOF3DJHA"}
2026-08-25 17:10:18.810 +03:30 [INF] Saved file answers/fff5b9b3353742bfa8dd5d9449e84fa9/0d319112076041e5bfbf3bddca991c49/afd3ecc7819341da8ae78484109d634f.png (33 bytes) {"SourceContext":"EconGrader.Infrastructure.Storage.LocalFileStorage","ActionId":"00d1eae6-1dff-4ff0-8c5b-d669ff4c39f0","ActionName":"EconGrader.Web.Controllers.AnswersController.Upload (EconGrader.Web)","RequestId":"0HNO2LOF3DJHB:00000001","RequestPath":"/api/answers/upload","ConnectionId":"0HNO2LOF3DJHB"}
2026-08-25 17:10:18.972 +03:30 [INF] AUDIT AnswerUploaded Answer "b84f5f56-bd94-40e7-a540-adbed08f2885" by null from null {"SourceContext":"EconGrader.Infrastructure.Services.AuditLogger","ActionId":"00d1eae6-1dff-4ff0-8c5b-d669ff4c39f0","ActionName":"EconGrader.Web.Controllers.AnswersController.Upload (EconGrader.Web)","RequestId":"0HNO2LOF3DJHB:00000001","RequestPath":"/api/answers/upload","ConnectionId":"0HNO2LOF3DJHB"}
2026-08-25 17:10:19.125 +03:30 [INF] HTTP POST /api/answers/upload responded 201 in 417.5414 ms {"SourceContext":"Serilog.AspNetCore.RequestLoggingMiddleware","RequestId":"0HNO2LOF3DJHB:00000001","ConnectionId":"0HNO2LOF3DJHB"}
2026-08-25 17:11:10.263 +03:30 [INF] AUDIT TeacherScoreSet Answer "b84f5f56-bd94-40e7-a540-adbed08f2885" by null from null {"SourceContext":"EconGrader.Infrastructure.Services.AuditLogger","ActionId":"0aed380c-2e5e-45d2-8cbd-523933910cfc","ActionName":"EconGrader.Web.Controllers.AnswersController.SetTeacherScore (EconGrader.Web)","RequestId":"0HNO2LOF3DJHC:00000001","RequestPath":"/api/answers/b84f5f56-bd94-40e7-a540-adbed08f2885/teacher-score","ConnectionId":"0HNO2LOF3DJHC"}
2026-08-25 17:11:10.270 +03:30 [INF] HTTP PUT /api/answers/b84f5f56-bd94-40e7-a540-adbed08f2885/teacher-score responded 200 in 75.9630 ms {"SourceContext":"Serilog.AspNetCore.RequestLoggingMiddleware","RequestId":"0HNO2LOF3DJHC:00000001","ConnectionId":"0HNO2LOF3DJHC"}
2026-08-25 17:11:10.326 +03:30 [INF] HTTP PUT /api/answers/b84f5f56-bd94-40e7-a540-adbed08f2885/teacher-score responded 403 in 2.3526 ms {"SourceContext":"Serilog.AspNetCore.RequestLoggingMiddleware","RequestId":"0HNO2LOF3DJHD:00000001","ConnectionId":"0HNO2LOF3DJHD"}
2026-08-25 17:11:10.401 +03:30 [INF] HTTP PUT /api/answers/b84f5f56-bd94-40e7-a540-adbed08f2885/teacher-score responded 200 in 23.1667 ms {"SourceContext":"Serilog.AspNetCore.RequestLoggingMiddleware","RequestId":"0HNO2LOF3DJHE:00000001","ConnectionId":"0HNO2LOF3DJHE"}
2026-08-25 17:11:10.459 +03:30 [INF] HTTP PUT /api/answers/b84f5f56-bd94-40e7-a540-adbed08f2885/teacher-score responded 403 in 1.2462 ms {"SourceContext":"Serilog.AspNetCore.RequestLoggingMiddleware","RequestId":"0HNO2LOF3DJHF:00000001","ConnectionId":"0HNO2LOF3DJHF"}
2026-08-25 17:11:22.589 +03:30 [INF] HTTP GET /api/answers/b84f5f56-bd94-40e7-a540-adbed08f2885 responded 200 in 34.3656 ms {"SourceContext":"Serilog.AspNetCore.RequestLoggingMiddleware","RequestId":"0HNO2LOF3DJHG:00000001","ConnectionId":"0HNO2LOF3DJHG"}
2026-08-25 17:11:22.663 +03:30 [INF] HTTP GET /api/exams/8252b872-a93e-47af-9119-76bed0da0689 responded 200 in 16.9141 ms {"SourceContext":"Serilog.AspNetCore.RequestLoggingMiddleware","RequestId":"0HNO2LOF3DJHH:00000001","ConnectionId":"0HNO2LOF3DJHH"}
2026-08-25 17:11:22.723 +03:30 [INF] HTTP GET /api/answers responded 404 in 0.3889 ms {"SourceContext":"Serilog.AspNetCore.RequestLoggingMiddleware","RequestId":"0HNO2LOF3DJHI:00000001","ConnectionId":"0HNO2LOF3DJHI"}
2026-08-25 17:11:32.019 +03:30 [INF] HTTP GET /api/answers responded 404 in 2.1058 ms {"SourceContext":"Serilog.AspNetCore.RequestLoggingMiddleware","RequestId":"0HNO2LOF3DJHJ:00000001","ConnectionId":"0HNO2LOF3DJHJ"}
2026-08-25 17:11:58.169 +03:30 [INF] HTTP GET /api/answers/by-question/fff5b9b3-3537-42bf-a8dd-5d9449e84fa9 responded 200 in 123.7648 ms {"SourceContext":"Serilog.AspNetCore.RequestLoggingMiddleware","RequestId":"0HNO2LOF3DJHK:00000001","ConnectionId":"0HNO2LOF3DJHK"}
2026-08-25 17:11:58.396 +03:30 [INF] HTTP GET /api/answers/b84f5f56-bd94-40e7-a540-adbed08f2885 responded 200 in 7.0103 ms {"SourceContext":"Serilog.AspNetCore.RequestLoggingMiddleware","RequestId":"0HNO2LOF3DJHL:00000001","ConnectionId":"0HNO2LOF3DJHL"}
2026-08-25 17:12:14.777 +03:30 [INF] HTTP GET /api/answers/b84f5f56-bd94-40e7-a540-adbed08f2885 responded 200 in 10.7588 ms {"SourceContext":"Serilog.AspNetCore.RequestLoggingMiddleware","RequestId":"0HNO2LOF3DJHM:00000001","ConnectionId":"0HNO2LOF3DJHM"}
2026-08-25 17:12:43.656 +03:30 [INF] HTTP POST /api/grading/run responded 403 in 0.3541 ms {"SourceContext":"Serilog.AspNetCore.RequestLoggingMiddleware","RequestId":"0HNO2LOF3DJHN:00000001","ConnectionId":"0HNO2LOF3DJHN"}
2026-08-25 17:12:43.714 +03:30 [INF] HTTP POST /api/grading/run responded 403 in 0.2327 ms {"SourceContext":"Serilog.AspNetCore.RequestLoggingMiddleware","RequestId":"0HNO2LOF3DJHO:00000001","ConnectionId":"0HNO2LOF3DJHO"}
2026-08-25 17:12:43.864 +03:30 [INF] HTTP GET /api/grading/answer/b84f5f56-bd94-40e7-a540-adbed08f2885 responded 200 in 75.1943 ms {"SourceContext":"Serilog.AspNetCore.RequestLoggingMiddleware","RequestId":"0HNO2LOF3DJHP:00000001","ConnectionId":"0HNO2LOF3DJHP"}
2026-08-25 17:12:43.926 +03:30 [INF] HTTP GET /api/grading/answer/b84f5f56-bd94-40e7-a540-adbed08f2885 responded 200 in 4.8405 ms {"SourceContext":"Serilog.AspNetCore.RequestLoggingMiddleware","RequestId":"0HNO2LOF3DJHQ:00000001","ConnectionId":"0HNO2LOF3DJHQ"}
2026-08-25 17:12:44.024 +03:30 [INF] HTTP GET /api/evaluation/exam/8252b872-a93e-47af-9119-76bed0da0689 responded 403 in 0.2596 ms {"SourceContext":"Serilog.AspNetCore.RequestLoggingMiddleware","RequestId":"0HNO2LOF3DJHR:00000001","ConnectionId":"0HNO2LOF3DJHR"}
2026-08-25 17:13:00.945 +03:30 [INF] HTTP POST /api/grading/run responded 404 in 159.0903 ms {"SourceContext":"Serilog.AspNetCore.RequestLoggingMiddleware","RequestId":"0HNO2LOF3DJHS:00000001","ConnectionId":"0HNO2LOF3DJHS"}
2026-08-25 17:13:13.256 +03:30 [INF] AUDIT RubricCreated Rubric "e9a0cff7-ea19-430c-af87-53aa585796b4" by "7e1c2c7f-4382-400f-b175-360c0f2188bc" from null {"SourceContext":"EconGrader.Infrastructure.Services.AuditLogger","ActionId":"a758379f-5606-42c2-b952-7203e7b170f9","ActionName":"EconGrader.Web.Controllers.QuestionsController.CreateRubric (EconGrader.Web)","RequestId":"0HNO2LOF3DJHT:00000001","RequestPath":"/api/questions/fff5b9b3-3537-42bf-a8dd-5d9449e84fa9/rubrics","ConnectionId":"0HNO2LOF3DJHT"}
2026-08-25 17:13:13.262 +03:30 [INF] HTTP POST /api/questions/fff5b9b3-3537-42bf-a8dd-5d9449e84fa9/rubrics responded 201 in 156.4137 ms {"SourceContext":"Serilog.AspNetCore.RequestLoggingMiddleware","RequestId":"0HNO2LOF3DJHT:00000001","ConnectionId":"0HNO2LOF3DJHT"}
2026-08-25 17:13:26.844 +03:30 [INF] Grading request prepared AnswerId="b84f5f56-bd94-40e7-a540-adbed08f2885" QuestionFiles=0 RubricFiles=0 Provider=default {"SourceContext":"EconGrader.Application.Services.GradingOrchestrationService","ActionId":"a5a28e1b-a747-4d9b-be6f-9ad212a6a507","ActionName":"EconGrader.Web.Controllers.GradingController.Grade (EconGrader.Web)","RequestId":"0HNO2LOF3DJHU:00000001","RequestPath":"/api/grading/run","ConnectionId":"0HNO2LOF3DJHU"}
2026-08-25 17:13:26.858 +03:30 [INF] Sending grading request for student 4021999 / question fff5b9b3-3537-42bf-a8dd-5d9449e84fa9 via default {"SourceContext":"EconGrader.Infrastructure.Services.GradingClient","ActionId":"a5a28e1b-a747-4d9b-be6f-9ad212a6a507","ActionName":"EconGrader.Web.Controllers.GradingController.Grade (EconGrader.Web)","RequestId":"0HNO2LOF3DJHU:00000001","RequestPath":"/api/grading/run","ConnectionId":"0HNO2LOF3DJHU"}
2026-08-25 17:13:27.089 +03:30 [INF] Execution attempt. Source: 'IGradingClient-standard//Standard-Retry', Operation Key: 'null', Result: '422', Handled: 'false', Attempt: '0', Execution Time: 170.6511ms {"EventId":{"Id":3,"Name":"ExecutionAttempt"},"SourceContext":"Polly","HttpMethod":"POST","Uri":"http://localhost:5001/grade","ActionId":"a5a28e1b-a747-4d9b-be6f-9ad212a6a507","ActionName":"EconGrader.Web.Controllers.GradingController.Grade (EconGrader.Web)","RequestId":"0HNO2LOF3DJHU:00000001","RequestPath":"/api/grading/run","ConnectionId":"0HNO2LOF3DJHU","Scope":["HTTP POST http://localhost:5001/grade"]}
2026-08-25 17:13:27.103 +03:30 [ERR] Grading service returned "UnprocessableEntity": {"detail":{"stage":"image_load","file":"C:\\Users\\SHPA-N6\\Desktop\\econ_grader\\src\\EconGrader.Web\\storage\\images\\answers\\fff5b9b3353742bfa8dd5d9449e84fa9\\0d319112076041e5bfbf3bddca991c49\\afd3ecc7819341da8ae78484109d634f.png","error":"Answer file not found"}} {"SourceContext":"EconGrader.Infrastructure.Services.GradingClient","ActionId":"a5a28e1b-a747-4d9b-be6f-9ad212a6a507","ActionName":"EconGrader.Web.Controllers.GradingController.Grade (EconGrader.Web)","RequestId":"0HNO2LOF3DJHU:00000001","RequestPath":"/api/grading/run","ConnectionId":"0HNO2LOF3DJHU"}
2026-08-25 17:13:27.105 +03:30 [ERR] Unhandled exception DEPENDENCY_UNAVAILABLE 502 POST /api/grading/run CorrelationId=0HNO2LOF3DJHU:00000001 {"SourceContext":"EconGrader.Web.Middleware.ExceptionHandlingMiddleware","RequestId":"0HNO2LOF3DJHU:00000001","RequestPath":"/api/grading/run","ConnectionId":"0HNO2LOF3DJHU"}
System.Net.Http.HttpRequestException: Grading service error UnprocessableEntity: {"detail":{"stage":"image_load","file":"C:\\Users\\SHPA-N6\\Desktop\\econ_grader\\src\\EconGrader.Web\\storage\\images\\answers\\fff5b9b3353742bfa8dd5d9449e84fa9\\0d319112076041e5bfbf3bddca991c49\\afd3ecc7819341da8ae78484109d634f.png","error":"Answer file not found"}}
   at EconGrader.Infrastructure.Services.GradingClient.GradeAsync(GradingServiceRequest request, CancellationToken ct) in C:\Users\SHPA-N6\Desktop\econ_grader\src\EconGrader.Infrastructure\Services\GradingClient.cs:line 62
   at EconGrader.Application.Services.GradingOrchestrationService.GradeAnswerAsync(Guid answerId, Decimal temperature, String promptVersion, String provider, CancellationToken ct) in C:\Users\SHPA-N6\Desktop\econ_grader\src\EconGrader.Application\Services\GradingOrchestrationService.cs:line 112
   at EconGrader.Web.Controllers.GradingController.Grade(GradeRequestDto request, CancellationToken ct) in C:\Users\SHPA-N6\Desktop\econ_grader\src\EconGrader.Web\Controllers\GradingController.cs:line 68
   at lambda_method1096(Closure, Object)
   at Microsoft.AspNetCore.Mvc.Infrastructure.ActionMethodExecutor.AwaitableObjectResultExecutor.Execute(ActionContext actionContext, IActionResultTypeMapper mapper, ObjectMethodExecutor executor, Object controller, Object[] arguments)
   at Microsoft.AspNetCore.Mvc.Infrastructure.ControllerActionInvoker.<InvokeActionMethodAsync>g__Awaited|12_0(ControllerActionInvoker invoker, ValueTask`1 actionResultValueTask)
   at Microsoft.AspNetCore.Mvc.Infrastructure.ControllerActionInvoker.<InvokeNextActionFilterAsync>g__Awaited|10_0(ControllerActionInvoker invoker, Task lastTask, State next, Scope scope, Object state, Boolean isCompleted)
   at Microsoft.AspNetCore.Mvc.Infrastructure.ControllerActionInvoker.Rethrow(ActionExecutedContextSealed context)
   at Microsoft.AspNetCore.Mvc.Infrastructure.ControllerActionInvoker.Next(State& next, Scope& scope, Object& state, Boolean& isCompleted)
   at Microsoft.AspNetCore.Mvc.Infrastructure.ControllerActionInvoker.<InvokeInnerFilterAsync>g__Awaited|13_0(ControllerActionInvoker invoker, Task lastTask, State next, Scope scope, Object state, Boolean isCompleted)
   at Microsoft.AspNetCore.Mvc.Infrastructure.ResourceInvoker.<InvokeFilterPipelineAsync>g__Awaited|20_0(ResourceInvoker invoker, Task lastTask, State next, Scope scope, Object state, Boolean isCompleted)
   at Microsoft.AspNetCore.Mvc.Infrastructure.ResourceInvoker.<InvokeAsync>g__Awaited|17_0(ResourceInvoker invoker, Task task, IDisposable scope)
   at Microsoft.AspNetCore.Mvc.Infrastructure.ResourceInvoker.<InvokeAsync>g__Awaited|17_0(ResourceInvoker invoker, Task task, IDisposable scope)
   at Microsoft.AspNetCore.Authorization.AuthorizationMiddleware.Invoke(HttpContext context)
   at Microsoft.AspNetCore.Authentication.AuthenticationMiddleware.Invoke(HttpContext context)
   at EconGrader.Web.Middleware.ExceptionHandlingMiddleware.InvokeAsync(HttpContext context) in C:\Users\SHPA-N6\Desktop\econ_grader\src\EconGrader.Web\Middleware\ExceptionHandlingMiddleware.cs:line 26
2026-08-25 17:13:27.155 +03:30 [ERR] HTTP POST /api/grading/run responded 502 in 350.4275 ms {"SourceContext":"Serilog.AspNetCore.RequestLoggingMiddleware","RequestId":"0HNO2LOF3DJHU:00000001","ConnectionId":"0HNO2LOF3DJHU"}
2026-08-25 17:13:28.011 +03:30 [INF] HTTP GET /api/grading/run/None responded 404 in 0.2918 ms {"SourceContext":"Serilog.AspNetCore.RequestLoggingMiddleware","RequestId":"0HNO2LOF3DJHV:00000001","ConnectionId":"0HNO2LOF3DJHV"}
2026-08-25 17:14:07.702 +03:30 [INF] HTTP GET /api/grading/answer/b84f5f56-bd94-40e7-a540-adbed08f2885 responded 200 in 11.7619 ms {"SourceContext":"Serilog.AspNetCore.RequestLoggingMiddleware","RequestId":"0HNO2LOF3DJI0:00000001","ConnectionId":"0HNO2LOF3DJI0"}
2026-08-25 17:14:33.381 +03:30 [INF] HTTP GET /api/grading/answer/b84f5f56-bd94-40e7-a540-adbed08f2885 responded 200 in 9.1038 ms {"SourceContext":"Serilog.AspNetCore.RequestLoggingMiddleware","RequestId":"0HNO2LOF3DJI1:00000001","ConnectionId":"0HNO2LOF3DJI1"}
2026-08-25 17:14:33.558 +03:30 [INF] HTTP GET /api/grading/answer/b84f5f56-bd94-40e7-a540-adbed08f2885 responded 200 in 12.7762 ms {"SourceContext":"Serilog.AspNetCore.RequestLoggingMiddleware","RequestId":"0HNO2LOF3DJI2:00000001","ConnectionId":"0HNO2LOF3DJI2"}
2026-08-25 17:17:09.931 +03:30 [INF] HTTP GET /api/grading/run/01111179-E919-404C-B1AF-26DF9981BD24 responded 200 in 97.8418 ms {"SourceContext":"Serilog.AspNetCore.RequestLoggingMiddleware","RequestId":"0HNO2LOF3DJI3:00000001","ConnectionId":"0HNO2LOF3DJI3"}
2026-08-25 17:17:10.127 +03:30 [INF] HTTP GET /api/grading/run/01111179-E919-404C-B1AF-26DF9981BD24 responded 200 in 50.2365 ms {"SourceContext":"Serilog.AspNetCore.RequestLoggingMiddleware","RequestId":"0HNO2LOF3DJI4:00000001","ConnectionId":"0HNO2LOF3DJI4"}
2026-08-25 17:17:10.295 +03:30 [INF] HTTP GET /api/grading/run/01111179-E919-404C-B1AF-26DF9981BD24 responded 200 in 6.9530 ms {"SourceContext":"Serilog.AspNetCore.RequestLoggingMiddleware","RequestId":"0HNO2LOF3DJI5:00000001","ConnectionId":"0HNO2LOF3DJI5"}
2026-08-25 17:17:34.217 +03:30 [INF] HTTP POST /api/teacherreview/01111179-E919-404C-B1AF-26DF9981BD24/override responded 404 in 0.7930 ms {"SourceContext":"Serilog.AspNetCore.RequestLoggingMiddleware","RequestId":"0HNO2LOF3DJI6:00000001","ConnectionId":"0HNO2LOF3DJI6"}
2026-08-25 17:17:34.287 +03:30 [INF] HTTP POST /api/teacherreview/01111179-E919-404C-B1AF-26DF9981BD24/accept responded 404 in 0.2284 ms {"SourceContext":"Serilog.AspNetCore.RequestLoggingMiddleware","RequestId":"0HNO2LOF3DJI7:00000001","ConnectionId":"0HNO2LOF3DJI7"}
2026-08-25 17:17:34.347 +03:30 [INF] HTTP GET /api/teacherreview/run/01111179-E919-404C-B1AF-26DF9981BD24 responded 404 in 0.2578 ms {"SourceContext":"Serilog.AspNetCore.RequestLoggingMiddleware","RequestId":"0HNO2LOF3DJI8:00000001","ConnectionId":"0HNO2LOF3DJI8"}
2026-08-25 17:17:53.978 +03:30 [INF] AUDIT TeacherOverrode TeacherReview "21d0ac32-c22c-4736-bfb1-347acfec12db" by "f5637c94-384f-4256-8a7c-2ab0d6abd698" from null {"SourceContext":"EconGrader.Infrastructure.Services.AuditLogger","ActionId":"3f9d82a7-8bbe-4cdd-805c-4df4fe8645e1","ActionName":"EconGrader.Web.Controllers.TeacherReviewController.Override (EconGrader.Web)","RequestId":"0HNO2LOF3DJI9:00000001","RequestPath":"/api/grading/01111179-E919-404C-B1AF-26DF9981BD24/review/override","ConnectionId":"0HNO2LOF3DJI9"}
2026-08-25 17:17:54.014 +03:30 [INF] HTTP POST /api/grading/01111179-E919-404C-B1AF-26DF9981BD24/review/override responded 200 in 122.0581 ms {"SourceContext":"Serilog.AspNetCore.RequestLoggingMiddleware","RequestId":"0HNO2LOF3DJI9:00000001","ConnectionId":"0HNO2LOF3DJI9"}
2026-08-25 17:17:54.072 +03:30 [INF] HTTP POST /api/grading/01111179-E919-404C-B1AF-26DF9981BD24/review/accept responded 403 in 0.3824 ms {"SourceContext":"Serilog.AspNetCore.RequestLoggingMiddleware","RequestId":"0HNO2LOF3DJIA:00000001","ConnectionId":"0HNO2LOF3DJIA"}
2026-08-25 17:17:54.132 +03:30 [INF] HTTP GET /api/grading/01111179-E919-404C-B1AF-26DF9981BD24/review/history responded 200 in 9.9282 ms {"SourceContext":"Serilog.AspNetCore.RequestLoggingMiddleware","RequestId":"0HNO2LOF3DJIB:00000001","ConnectionId":"0HNO2LOF3DJIB"}
2026-08-25 17:18:49.258 +03:30 [INF] AUDIT TeacherOverrode TeacherReview "7e6af311-beea-44f7-ac0b-8b1ce81c2de0" by "f5637c94-384f-4256-8a7c-2ab0d6abd698" from null {"SourceContext":"EconGrader.Infrastructure.Services.AuditLogger","ActionId":"3f9d82a7-8bbe-4cdd-805c-4df4fe8645e1","ActionName":"EconGrader.Web.Controllers.TeacherReviewController.Override (EconGrader.Web)","RequestId":"0HNO2LOF3DJIC:00000001","RequestPath":"/api/grading/01111179-E919-404C-B1AF-26DF9981BD24/review/override","ConnectionId":"0HNO2LOF3DJIC"}
2026-08-25 17:18:49.260 +03:30 [INF] HTTP POST /api/grading/01111179-E919-404C-B1AF-26DF9981BD24/review/override responded 200 in 23.4761 ms {"SourceContext":"Serilog.AspNetCore.RequestLoggingMiddleware","RequestId":"0HNO2LOF3DJIC:00000001","ConnectionId":"0HNO2LOF3DJIC"}
2026-08-25 17:18:49.347 +03:30 [INF] AUDIT TeacherAccepted TeacherReview "900437ce-0fe4-48dc-bdf0-c051470828c1" by "f5637c94-384f-4256-8a7c-2ab0d6abd698" from null {"SourceContext":"EconGrader.Infrastructure.Services.AuditLogger","ActionId":"9a16fa24-5ffa-41bf-92a4-153a3b2082b1","ActionName":"EconGrader.Web.Controllers.TeacherReviewController.Accept (EconGrader.Web)","RequestId":"0HNO2LOF3DJID:00000001","RequestPath":"/api/grading/01111179-E919-404C-B1AF-26DF9981BD24/review/accept","ConnectionId":"0HNO2LOF3DJID"}
2026-08-25 17:18:49.350 +03:30 [INF] HTTP POST /api/grading/01111179-E919-404C-B1AF-26DF9981BD24/review/accept responded 200 in 37.0020 ms {"SourceContext":"Serilog.AspNetCore.RequestLoggingMiddleware","RequestId":"0HNO2LOF3DJID:00000001","ConnectionId":"0HNO2LOF3DJID"}
2026-08-25 17:19:08.043 +03:30 [INF] AUDIT UserCreated User "63e35897-6a78-404f-98ff-7059fbfb4234" by "9dd07843-ede8-4138-ae87-4476655437ed" from null {"SourceContext":"EconGrader.Infrastructure.Services.AuditLogger","ActionId":"913f6b8f-3ba9-4119-9836-65c4ce8b7b39","ActionName":"EconGrader.Web.Controllers.AuthController.CreateUser (EconGrader.Web)","RequestId":"0HNO2LOF3DJIE:00000001","RequestPath":"/api/auth/users","ConnectionId":"0HNO2LOF3DJIE"}
2026-08-25 17:19:08.045 +03:30 [INF] HTTP POST /api/auth/users responded 201 in 106.4963 ms {"SourceContext":"Serilog.AspNetCore.RequestLoggingMiddleware","RequestId":"0HNO2LOF3DJIE:00000001","ConnectionId":"0HNO2LOF3DJIE"}
2026-08-25 17:19:08.222 +03:30 [INF] Login succeeded for "63e35897-6a78-404f-98ff-7059fbfb4234" ("Teacher") {"SourceContext":"EconGrader.Application.Services.AuthService","ActionId":"506d6a61-2413-40d1-91c4-5cf877b13cf3","ActionName":"EconGrader.Web.Controllers.AuthController.Login (EconGrader.Web)","RequestId":"0HNO2LOF3DJIF:00000001","RequestPath":"/api/auth/login","ConnectionId":"0HNO2LOF3DJIF"}
2026-08-25 17:19:08.240 +03:30 [INF] AUDIT AuthLogin User "63e35897-6a78-404f-98ff-7059fbfb4234" by "63e35897-6a78-404f-98ff-7059fbfb4234" from 127.0.0.1 {"SourceContext":"EconGrader.Infrastructure.Services.AuditLogger","ActionId":"506d6a61-2413-40d1-91c4-5cf877b13cf3","ActionName":"EconGrader.Web.Controllers.AuthController.Login (EconGrader.Web)","RequestId":"0HNO2LOF3DJIF:00000001","RequestPath":"/api/auth/login","ConnectionId":"0HNO2LOF3DJIF"}
2026-08-25 17:19:08.245 +03:30 [INF] HTTP POST /api/auth/login responded 200 in 123.4449 ms {"SourceContext":"Serilog.AspNetCore.RequestLoggingMiddleware","RequestId":"0HNO2LOF3DJIF:00000001","ConnectionId":"0HNO2LOF3DJIF"}
2026-08-25 17:19:08.452 +03:30 [INF] HTTP GET /api/exams responded 200 in 37.5392 ms {"SourceContext":"Serilog.AspNetCore.RequestLoggingMiddleware","RequestId":"0HNO2LOF3DJIG:00000001","ConnectionId":"0HNO2LOF3DJIG"}
2026-08-25 17:19:08.506 +03:30 [WRN] Request rejected FORBIDDEN 403 GET /api/exams/8252b872-a93e-47af-9119-76bed0da0689 CorrelationId=0HNO2LOF3DJIH:00000001 {"SourceContext":"EconGrader.Web.Middleware.ExceptionHandlingMiddleware","RequestId":"0HNO2LOF3DJIH:00000001","RequestPath":"/api/exams/8252b872-a93e-47af-9119-76bed0da0689","ConnectionId":"0HNO2LOF3DJIH"}
2026-08-25 17:19:08.507 +03:30 [INF] HTTP GET /api/exams/8252b872-a93e-47af-9119-76bed0da0689 responded 403 in 3.7916 ms {"SourceContext":"Serilog.AspNetCore.RequestLoggingMiddleware","RequestId":"0HNO2LOF3DJIH:00000001","ConnectionId":"0HNO2LOF3DJIH"}
2026-08-25 17:19:08.569 +03:30 [INF] HTTP PUT /api/questions/fff5b9b3-3537-42bf-a8dd-5d9449e84fa9 responded 403 in 12.0808 ms {"SourceContext":"Serilog.AspNetCore.RequestLoggingMiddleware","RequestId":"0HNO2LOF3DJII:00000001","ConnectionId":"0HNO2LOF3DJII"}
2026-08-25 17:19:08.654 +03:30 [INF] HTTP PUT /api/answers/b84f5f56-bd94-40e7-a540-adbed08f2885/teacher-score responded 403 in 7.3640 ms {"SourceContext":"Serilog.AspNetCore.RequestLoggingMiddleware","RequestId":"0HNO2LOF3DJIJ:00000001","ConnectionId":"0HNO2LOF3DJIJ"}
2026-08-25 17:19:31.973 +03:30 [INF] HTTP GET /api/audit responded 200 in 75.7653 ms {"SourceContext":"Serilog.AspNetCore.RequestLoggingMiddleware","RequestId":"0HNO2LOF3DJIK:00000001","ConnectionId":"0HNO2LOF3DJIK"}
2026-08-25 17:19:32.424 +03:30 [INF] HTTP GET /api/exams responded 401 in 2.9924 ms {"SourceContext":"Serilog.AspNetCore.RequestLoggingMiddleware","RequestId":"0HNO2LOF3DJIL:00000001","ConnectionId":"0HNO2LOF3DJIL"}
2026-08-25 17:19:32.861 +03:30 [INF] HTTP GET /api/exams responded 401 in 7.5858 ms {"SourceContext":"Serilog.AspNetCore.RequestLoggingMiddleware","RequestId":"0HNO2LOF3DJIM:00000001","ConnectionId":"0HNO2LOF3DJIM"}
2026-08-25 17:24:28.776 +03:30 [INF] Starting EconGrader.Web {}
2026-08-25 17:24:29.609 +03:30 [WRN] No store type was specified for the decimal property 'Teacher2Score' on entity type 'Answer'. This will cause values to be silently truncated if they do not fit in the default precision and scale. Explicitly specify the SQL server column type that can accommodate all the values in 'OnModelCreating' using 'HasColumnType', specify precision and scale using 'HasPrecision', or configure a value converter using 'HasConversion'. {"EventId":{"Id":30000,"Name":"Microsoft.EntityFrameworkCore.Model.Validation.DecimalTypeDefaultWarning"},"SourceContext":"Microsoft.EntityFrameworkCore.Model.Validation"}
2026-08-25 17:24:29.612 +03:30 [WRN] No store type was specified for the decimal property 'TeacherScore' on entity type 'Answer'. This will cause values to be silently truncated if they do not fit in the default precision and scale. Explicitly specify the SQL server column type that can accommodate all the values in 'OnModelCreating' using 'HasColumnType', specify precision and scale using 'HasPrecision', or configure a value converter using 'HasConversion'. {"EventId":{"Id":30000,"Name":"Microsoft.EntityFrameworkCore.Model.Validation.DecimalTypeDefaultWarning"},"SourceContext":"Microsoft.EntityFrameworkCore.Model.Validation"}
2026-08-25 17:24:29.612 +03:30 [WRN] No store type was specified for the decimal property 'AiScore' on entity type 'GradingRun'. This will cause values to be silently truncated if they do not fit in the default precision and scale. Explicitly specify the SQL server column type that can accommodate all the values in 'OnModelCreating' using 'HasColumnType', specify precision and scale using 'HasPrecision', or configure a value converter using 'HasConversion'. {"EventId":{"Id":30000,"Name":"Microsoft.EntityFrameworkCore.Model.Validation.DecimalTypeDefaultWarning"},"SourceContext":"Microsoft.EntityFrameworkCore.Model.Validation"}
2026-08-25 17:24:29.612 +03:30 [WRN] No store type was specified for the decimal property 'EstimatedCost' on entity type 'GradingRun'. This will cause values to be silently truncated if they do not fit in the default precision and scale. Explicitly specify the SQL server column type that can accommodate all the values in 'OnModelCreating' using 'HasColumnType', specify precision and scale using 'HasPrecision', or configure a value converter using 'HasConversion'. {"EventId":{"Id":30000,"Name":"Microsoft.EntityFrameworkCore.Model.Validation.DecimalTypeDefaultWarning"},"SourceContext":"Microsoft.EntityFrameworkCore.Model.Validation"}
2026-08-25 17:24:29.612 +03:30 [WRN] No store type was specified for the decimal property 'TeacherScoreSnapshot' on entity type 'GradingRun'. This will cause values to be silently truncated if they do not fit in the default precision and scale. Explicitly specify the SQL server column type that can accommodate all the values in 'OnModelCreating' using 'HasColumnType', specify precision and scale using 'HasPrecision', or configure a value converter using 'HasConversion'. {"EventId":{"Id":30000,"Name":"Microsoft.EntityFrameworkCore.Model.Validation.DecimalTypeDefaultWarning"},"SourceContext":"Microsoft.EntityFrameworkCore.Model.Validation"}
2026-08-25 17:24:29.612 +03:30 [WRN] No store type was specified for the decimal property 'Temperature' on entity type 'GradingRun'. This will cause values to be silently truncated if they do not fit in the default precision and scale. Explicitly specify the SQL server column type that can accommodate all the values in 'OnModelCreating' using 'HasColumnType', specify precision and scale using 'HasPrecision', or configure a value converter using 'HasConversion'. {"EventId":{"Id":30000,"Name":"Microsoft.EntityFrameworkCore.Model.Validation.DecimalTypeDefaultWarning"},"SourceContext":"Microsoft.EntityFrameworkCore.Model.Validation"}
2026-08-25 17:24:29.612 +03:30 [WRN] No store type was specified for the decimal property 'InputPricePerMillionTokens' on entity type 'ModelConfig'. This will cause values to be silently truncated if they do not fit in the default precision and scale. Explicitly specify the SQL server column type that can accommodate all the values in 'OnModelCreating' using 'HasColumnType', specify precision and scale using 'HasPrecision', or configure a value converter using 'HasConversion'. {"EventId":{"Id":30000,"Name":"Microsoft.EntityFrameworkCore.Model.Validation.DecimalTypeDefaultWarning"},"SourceContext":"Microsoft.EntityFrameworkCore.Model.Validation"}
2026-08-25 17:24:29.612 +03:30 [WRN] No store type was specified for the decimal property 'OutputPricePerMillionTokens' on entity type 'ModelConfig'. This will cause values to be silently truncated if they do not fit in the default precision and scale. Explicitly specify the SQL server column type that can accommodate all the values in 'OnModelCreating' using 'HasColumnType', specify precision and scale using 'HasPrecision', or configure a value converter using 'HasConversion'. {"EventId":{"Id":30000,"Name":"Microsoft.EntityFrameworkCore.Model.Validation.DecimalTypeDefaultWarning"},"SourceContext":"Microsoft.EntityFrameworkCore.Model.Validation"}
2026-08-25 17:24:29.612 +03:30 [WRN] No store type was specified for the decimal property 'MaxScore' on entity type 'Question'. This will cause values to be silently truncated if they do not fit in the default precision and scale. Explicitly specify the SQL server column type that can accommodate all the values in 'OnModelCreating' using 'HasColumnType', specify precision and scale using 'HasPrecision', or configure a value converter using 'HasConversion'. {"EventId":{"Id":30000,"Name":"Microsoft.EntityFrameworkCore.Model.Validation.DecimalTypeDefaultWarning"},"SourceContext":"Microsoft.EntityFrameworkCore.Model.Validation"}
2026-08-25 17:24:29.613 +03:30 [WRN] No store type was specified for the decimal property 'MaxScore' on entity type 'RubricCriterion'. This will cause values to be silently truncated if they do not fit in the default precision and scale. Explicitly specify the SQL server column type that can accommodate all the values in 'OnModelCreating' using 'HasColumnType', specify precision and scale using 'HasPrecision', or configure a value converter using 'HasConversion'. {"EventId":{"Id":30000,"Name":"Microsoft.EntityFrameworkCore.Model.Validation.DecimalTypeDefaultWarning"},"SourceContext":"Microsoft.EntityFrameworkCore.Model.Validation"}
2026-08-25 17:24:29.613 +03:30 [WRN] No store type was specified for the decimal property 'NewScore' on entity type 'TeacherReview'. This will cause values to be silently truncated if they do not fit in the default precision and scale. Explicitly specify the SQL server column type that can accommodate all the values in 'OnModelCreating' using 'HasColumnType', specify precision and scale using 'HasPrecision', or configure a value converter using 'HasConversion'. {"EventId":{"Id":30000,"Name":"Microsoft.EntityFrameworkCore.Model.Validation.DecimalTypeDefaultWarning"},"SourceContext":"Microsoft.EntityFrameworkCore.Model.Validation"}
2026-08-25 17:24:29.613 +03:30 [WRN] No store type was specified for the decimal property 'OldAiScore' on entity type 'TeacherReview'. This will cause values to be silently truncated if they do not fit in the default precision and scale. Explicitly specify the SQL server column type that can accommodate all the values in 'OnModelCreating' using 'HasColumnType', specify precision and scale using 'HasPrecision', or configure a value converter using 'HasConversion'. {"EventId":{"Id":30000,"Name":"Microsoft.EntityFrameworkCore.Model.Validation.DecimalTypeDefaultWarning"},"SourceContext":"Microsoft.EntityFrameworkCore.Model.Validation"}
2026-08-25 17:24:30.410 +03:30 [INF] Database migrated successfully {}
2026-08-25 17:24:36.221 +03:30 [WRN] Failed to determine the https port for redirect. {"EventId":{"Id":3,"Name":"FailedToDeterminePort"},"SourceContext":"Microsoft.AspNetCore.HttpsPolicy.HttpsRedirectionMiddleware","RequestId":"0HNO2M1J301V9:00000001","RequestPath":"/api/answers/upload","ConnectionId":"0HNO2M1J301V9"}
2026-08-25 17:24:36.796 +03:30 [INF] Saved file answers/fff5b9b3353742bfa8dd5d9449e84fa9/0d319112076041e5bfbf3bddca991c49/360f24df96bf45af9f8c985c829d9c1f.png (33 bytes) {"SourceContext":"EconGrader.Infrastructure.Storage.LocalFileStorage","ActionId":"689f2b2c-c87a-4502-8dc0-8eb4e16ec775","ActionName":"EconGrader.Web.Controllers.AnswersController.Upload (EconGrader.Web)","RequestId":"0HNO2M1J301V9:00000001","RequestPath":"/api/answers/upload","ConnectionId":"0HNO2M1J301V9"}
2026-08-25 17:24:37.098 +03:30 [INF] HTTP POST /api/answers/upload responded 200 in 879.0308 ms {"SourceContext":"Serilog.AspNetCore.RequestLoggingMiddleware","RequestId":"0HNO2M1J301V9:00000001","ConnectionId":"0HNO2M1J301V9"}
2026-08-25 17:24:38.541 +03:30 [INF] HTTP GET /api/audit responded 200 in 140.3186 ms {"SourceContext":"Serilog.AspNetCore.RequestLoggingMiddleware","RequestId":"0HNO2M1J301VA:00000001","ConnectionId":"0HNO2M1J301VA"}
2026-08-25 17:24:54.449 +03:30 [INF] HTTP GET /api/audit responded 200 in 12.5912 ms {"SourceContext":"Serilog.AspNetCore.RequestLoggingMiddleware","RequestId":"0HNO2M1J301VB:00000001","ConnectionId":"0HNO2M1J301VB"}
2026-08-25 17:25:12.164 +03:30 [INF] HTTP GET /api/audit responded 200 in 6.1266 ms {"SourceContext":"Serilog.AspNetCore.RequestLoggingMiddleware","RequestId":"0HNO2M1J301VC:00000001","ConnectionId":"0HNO2M1J301VC"}
2026-08-25 17:30:02.251 +03:30 [INF] HTTP POST /api/students responded 201 in 136.8964 ms {"SourceContext":"Serilog.AspNetCore.RequestLoggingMiddleware","RequestId":"0HNO2M1J301VD:00000001","ConnectionId":"0HNO2M1J301VD"}
2026-08-25 17:30:02.388 +03:30 [INF] Saved file answers/fff5b9b3353742bfa8dd5d9449e84fa9/4d442a7825f6408584070f601c6b0ba4/1c081a5c27214b0293139f37140722b6.png (33 bytes) {"SourceContext":"EconGrader.Infrastructure.Storage.LocalFileStorage","ActionId":"689f2b2c-c87a-4502-8dc0-8eb4e16ec775","ActionName":"EconGrader.Web.Controllers.AnswersController.Upload (EconGrader.Web)","RequestId":"0HNO2M1J301VE:00000001","RequestPath":"/api/answers/upload","ConnectionId":"0HNO2M1J301VE"}
2026-08-25 17:30:02.428 +03:30 [INF] AUDIT AnswerUploaded Answer "2dc9f82b-e53d-410c-aa27-3275e5e68c38" by null from null {"SourceContext":"EconGrader.Infrastructure.Services.AuditLogger","ActionId":"689f2b2c-c87a-4502-8dc0-8eb4e16ec775","ActionName":"EconGrader.Web.Controllers.AnswersController.Upload (EconGrader.Web)","RequestId":"0HNO2M1J301VE:00000001","RequestPath":"/api/answers/upload","ConnectionId":"0HNO2M1J301VE"}
2026-08-25 17:30:02.459 +03:30 [INF] HTTP POST /api/answers/upload responded 201 in 90.8600 ms {"SourceContext":"Serilog.AspNetCore.RequestLoggingMiddleware","RequestId":"0HNO2M1J301VE:00000001","ConnectionId":"0HNO2M1J301VE"}
2026-08-25 17:30:44.424 +03:30 [INF] AUDIT TeacherScoreSet Answer "2dc9f82b-e53d-410c-aa27-3275e5e68c38" by null from null {"SourceContext":"EconGrader.Infrastructure.Services.AuditLogger","ActionId":"6b99f63d-739c-44d7-ab8b-7624087ec7a7","ActionName":"EconGrader.Web.Controllers.AnswersController.SetTeacherScore (EconGrader.Web)","RequestId":"0HNO2M1J301VF:00000001","RequestPath":"/api/answers/2DC9F82B-E53D-410C-AA27-3275E5E68C38/teacher-score","ConnectionId":"0HNO2M1J301VF"}
2026-08-25 17:30:44.430 +03:30 [INF] HTTP PUT /api/answers/2DC9F82B-E53D-410C-AA27-3275E5E68C38/teacher-score responded 200 in 83.7236 ms {"SourceContext":"Serilog.AspNetCore.RequestLoggingMiddleware","RequestId":"0HNO2M1J301VF:00000001","ConnectionId":"0HNO2M1J301VF"}
2026-08-25 17:32:43.459 +03:30 [WRN] Failed login attempt for admin@test.local from 127.0.0.1 {"SourceContext":"EconGrader.Web.Controllers.AuthController","ActionId":"6fe1f132-fe7f-48d0-9daf-80eb57cd2aaa","ActionName":"EconGrader.Web.Controllers.AuthController.Login (EconGrader.Web)","RequestId":"0HNO2M1J301VG:00000001","RequestPath":"/api/auth/login","ConnectionId":"0HNO2M1J301VG"}
2026-08-25 17:32:43.461 +03:30 [INF] HTTP POST /api/auth/login responded 401 in 163.5165 ms {"SourceContext":"Serilog.AspNetCore.RequestLoggingMiddleware","RequestId":"0HNO2M1J301VG:00000001","ConnectionId":"0HNO2M1J301VG"}
